====================================================
Slurm Job ID:      75522
Running on host:   gpu05
Assigned Node(s):  gpu05
Start Time:        Wed Sep  9 06:25:00 PM EDT 2026
====================================================
Activating Conda Environment: ml_project
Starting Experiment...
=== COMPLETE BENCHMARK WITH FINE-TUNED DEEPABSTRACT & CAUSAL METHOD ===
% Kept   | Our Raw Acc  | Our FT Acc   | DA Raw Acc   | DA FT Acc    | Rand Acc  
--------------------------------------------------------------------------------
19.01   % | 64.44        | 92.50        | 68.33        | 93.61        | 42.00     
22.14   % | 76.94        | 93.06        | 76.39        | 94.17        | 50.58     
25.00   % | 70.28        | 95.00        | 81.39        | 96.67        | 56.42     
31.51   % | 85.56        | 96.39        | 89.44        | 96.67        | 74.97     
39.58   % | 93.61        | 96.94        | 92.50        | 96.94        | 84.50     
45.31   % | 95.00        | 96.94        | 94.44        | 96.39        | 87.78     
56.51   % | 96.11        | 96.67        | 95.83        | 96.67        | 92.47     
63.28   % | 96.39        | 97.22        | 96.11        | 96.39        | 94.50     

Saved comparison PNG to 'cross_layer_full_finetuned_comparison.png'
