====================================================
Slurm Job ID:      72856
Running on host:   gpu05
Assigned Node(s):  gpu05
Start Time:        Mon Aug 31 05:14:34 PM EDT 2026
====================================================
Activating Conda Environment: ml_project
Starting Experiment...
=== PRUNING BENCHMARK: ITERATIVE vs ONE-SHOT vs RANDOM ===
Retention %  | Iterative Acc %    | One-Shot Acc %     | Random Acc % (Mean±Std) 
------------------------------------------------------------------------------
100         % | 96.94             % | 96.94             % | 96.94% ± 0.00         
90          % | 97.22             % | 97.22             % | 96.58% ± 0.58         
80          % | 94.72             % | 96.39             % | 95.78% ± 0.86         
70          % | 92.50             % | 91.94             % | 94.50% ± 1.61         
60          % | 95.28             % | 84.17             % | 92.39% ± 1.94         
50          % | 80.83             % | 69.17             % | 88.89% ± 4.05         
40          % | 77.78             % | 56.39             % | 84.61% ± 3.71         
30          % | 80.00             % | 48.61             % | 76.36% ± 6.05         
20          % | 56.39             % | 48.61             % | 61.11% ± 9.27         
10          % | 21.94             % | 40.56             % | 34.50% ± 7.37         

Plot saved: 'iterative_vs_oneshot_pruning.png'
